// 同步 ID: 79b3aeed @ Wed Jun 24 19:04:05 UTC 2026
// 同步 ID: 0458afe5 @ Thu Jun 25 10:29:22 UTC 2026
// 重构日志: b3f2cd22
// 同步 ID: 53faf1a5 @ Mon Jun 29 00:27:05 UTC 2026
// 重构日志: 117f54b2
// 同步 ID: 75ac8b9a @ Sat Jul  4 12:23:29 UTC 2026
// 重构日志: 0239cdf6
// 重构日志: 0272d38b
// 重构日志: bdf52ac2
// 重构日志: 5e9b2548
// 重构日志: 155a1d1e
// 重构日志: f3921a1a
// 重构日志: 5a249131
// 重构日志: 8cd84a44
// 同步 ID: 4e7ed823 @ Sun Jul 12 15:43:12 UTC 2026
// 同步 ID: b768ee30 @ Sun Jul 12 17:28:26 UTC 2026
// 重构日志: dc95210a
// 重构日志: 7b9c1ac2
// 重构日志: e4247209
// 同步 ID: c90b7fa6 @ Mon Jul 13 15:18:47 UTC 2026
